
> frontend@0.0.0 build
> vite build

[36mvite v7.3.1 [32mbuilding client environment for production...[36m[39m
transforming...
[32mΓ£ô[39m 65 modules transformed.
node.exe : 
[31mΓ£ù[39m Build 
failed in 399ms
At line:1 char:1
+ & "C:\nvm4w\nodejs/
node.exe" "C:\nvm4w\n
odejs/node_modules/np
m/bin/np ...
+ ~~~~~~~~~~~~~~~~~~~
~~~~~~~~~~~~~~~~~~~~~
~~~~~~~~~~~~~~~~~~~~~
~~~~~~~~
    + CategoryInfo   
           : NotSpe  
  cified: ([31mΓ£   
 ù[39m Build fai    
led in 399ms:Str    
ing) [], RemoteE    
xception
    + FullyQualified 
   ErrorId : Native  
  CommandError
 
[31merror during 
build:
[31mCould not 
resolve "../services/
employee/service" 
from "src/pages/emplo
yee/EmployeePanel.jsx
"[31m
file: [36mC:/Users/T
UF/Desktop/web_Develo
pment/TEDEX/architect
ure_project/frontend/
src/pages/employee/Em
ployeePanel.jsx[31m
    at 
getRollupError (file:
///C:/Users/TUF/Deskt
op/web_Development/TE
DEX/architecture_proj
ect/frontend/node_mod
ules/rollup/dist/es/s
hared/parseAst.js:402
:41)
    at error (file://
/C:/Users/TUF/Desktop
/web_Development/TEDE
X/architecture_projec
t/frontend/node_modul
es/rollup/dist/es/sha
red/parseAst.js:398:4
2)
    at ModuleLoader.h
andleInvalidResolvedI
d (file:///C:/Users/T
UF/Desktop/web_Develo
pment/TEDEX/architect
ure_project/frontend/
node_modules/rollup/d
ist/es/shared/node-en
try.js:21687:24)
    at file:///C:/Use
rs/TUF/Desktop/web_De
velopment/TEDEX/archi
tecture_project/front
end/node_modules/roll
up/dist/es/shared/nod
e-entry.js:21647:26[
39m
